Compilaci├│n iniciada a las 9/04/2026 11:08:37 p.┬ám..
     0>No se us├│ el terminal de Logger porque la salida se est├í redirigiendo a un archivo.
       Proceso: "C:\Program Files\dotnet\dotnet.exe"
       Ruta de acceso al ejecutable de MSBuild: "C:\Program Files\dotnet\sdk\10.0.103\MSBuild.dll"
       Argumentos de la l├¡nea de comandos: "C:\Program Files\dotnet\sdk\10.0.103\MSBuild.dll -maxcpucount --verbosity:m -tlp:default=auto --property:VSTestLogger="console%3bverbosity=detailed" --property:NuGetInteractive=false --property:VSTestVerbosity=d --property:VSTestArtifactsProcessingMode=collect --property:VSTestSessionCorrelationId=48608_2bcec6ec-a7dd-4d8a-9187-2eda142fb0ee --restoreProperty:VSTestLogger="console%3bverbosity=detailed" --restoreProperty:NuGetInteractive=false --restoreProperty:VSTestVerbosity=d --restoreProperty:VSTestArtifactsProcessingMode=collect --restoreProperty:VSTestSessionCorrelationId=48608_2bcec6ec-a7dd-4d8a-9187-2eda142fb0ee --restoreProperty:EnableDefaultCompileItems=false --restoreProperty:EnableDefaultEmbeddedResourceItems=false --restoreProperty:EnableDefaultNoneItems=false --target:VSTest --verbosity:d -nodereuse:false -nologo tests/TiendaMusica.Tests/Infrastructure/Entrypoint/Rest/InstrumentController_ITest.cs -restore -distributedlogger:Microsoft.DotNet.Cli.Commands.MSBuild.MSBuildLogger,C:\Program Files\dotnet\sdk\10.0.103\dotnet.dll*Microsoft.DotNet.Cli.Commands.MSBuild.MSBuildForwardingLogger,C:\Program Files\dotnet\sdk\10.0.103\dotnet.dll"
       Directorio actual: "C:\Users\USER\Documents\Ejercicios programaci├│n\.Net\Tienda Musica\ms-instrument"
       Versi├│n de MSBuild: "18.0.11+c2435c3e0"
       De acuerdo con la clave del Registro de Windows LongPathsEnabled, la caracter├¡stica LongPaths est├í deshabilitada.
       Seg├║n la clave del Registro de Windows VerifiedAndReputablePolicyState, estado SAC = 0: desactivado.
     1>Proyecto "C:\Users\USER\Documents\Ejercicios programaci├│n\.Net\Tienda Musica\ms-instrument\tests\TiendaMusica.Tests\Infrastructure\Entrypoint\Rest\InstrumentController_ITest.cs" en el nodo 1 (Restore destinos).
     1>C:\Users\USER\Documents\Ejercicios programaci├│n\.Net\Tienda Musica\ms-instrument\tests\TiendaMusica.Tests\Infrastructure\Entrypoint\Rest\InstrumentController_ITest.cs(1,1): error MSB4025: No se pudo cargar el archivo del proyecto. Data at the root level is invalid. Line 1, position 1.
     1>Compilaci├│n del proyecto terminada "C:\Users\USER\Documents\Ejercicios programaci├│n\.Net\Tienda Musica\ms-instrument\tests\TiendaMusica.Tests\Infrastructure\Entrypoint\Rest\InstrumentController_ITest.cs" (Restore destinos) -- ERROR.

ERROR al compilar.

       "C:\Users\USER\Documents\Ejercicios programaci├│n\.Net\Tienda Musica\ms-instrument\tests\TiendaMusica.Tests\Infrastructure\Entrypoint\Rest\InstrumentController_ITest.cs" (Restore destino) (1) ->
         C:\Users\USER\Documents\Ejercicios programaci├│n\.Net\Tienda Musica\ms-instrument\tests\TiendaMusica.Tests\Infrastructure\Entrypoint\Rest\InstrumentController_ITest.cs(1,1): error MSB4025: No se pudo cargar el archivo del proyecto. Data at the root level is invalid. Line 1, position 1.

    0 Advertencia(s)
    1 Errores

Tiempo transcurrido 00:00:00.05
